This is pdfTeX, Version 3.14159265-2.6-1.40.16 (TeX Live 2015) (preloaded format=pdflatex 2016.5.6)  31 JAN 2021 20:54
entering extended mode
 restricted \write18 enabled.
 file:line:error style messages enabled.
 %&-line parsing enabled.
**Poster_content.tex
(./Poster_content.tex
LaTeX2e <2015/01/01>
Babel <3.9l> and hyphenation patterns for 79 languages loaded.
./Poster_content.tex:12: Undefined control sequence.
l.12 \definecolor
                 {ETH1}{RGB}{31,64,122}      % ETH1 -> ETHZ Administration, ...

? 
./Poster_content.tex:12: Emergency stop.
l.12 \definecolor
                 {ETH1}{RGB}{31,64,122}      % ETH1 -> ETHZ Administration, ...
End of file on the terminal!

 
Here is how much of TeX's memory you used:
 5 strings out of 493089
 155 string characters out of 6134843
 53199 words of memory out of 5000000
 3590 multiletter control sequences out of 15000+600000
 3640 words of font info for 14 fonts, out of 8000000 for 9000
 1141 hyphenation exceptions out of 8191
 5i,0n,1p,209b,8s stack positions out of 5000i,500n,10000p,200000b,80000s
./Poster_content.tex:12:  ==> Fatal error occurred, no output PDF file produced
!
